// Jest Snapshot v1, https://goo.gl/fbAQLP

exports[`people actions receivePeople Dispatches the receivePeople action and payload 1`] = `
Array [
  Object {
    "people": undefined,
    "type": "RECEIVE_PEOPLE",
  },
]
`;
